// Jest Snapshot v1, https://goo.gl/fbAQLP

exports[`DashboardView shows critical errors should render a critical error 1`] = `
<div
  className="grommetux-box grommetux-box--direction-column grommetux-box--responsive grommetux-box--pad-none"
  id={undefined}
  onClick={undefined}
  role={undefined}
  style={Object {}}
  tabIndex={undefined}
>
  <h1
    className="grommetux-heading"
  >
    Dashboard
  </h1>
  <h3>
    <svg
      aria-label="Critical"
      className="grommetux-status-icon grommetux-status-icon-critical"
      role="img"
      version="1.1"
      viewBox="0 0 24 24"
    >
      <defs>
        <mask
          id="mask-critical-0"
        >
          <g
            className="grommetux-status-icon__detail"
          >
            <rect
              fill="#fff"
              height="24"
              width="24"
              x="0"
              y="0"
            />
            <path
              d="M8,8 L16,16"
              fill="none"
              stroke="#000"
              strokeWidth="2"
            />
            <path
              d="M8,16 L16,8"
              fill="none"
              stroke="#000"
              strokeWidth="2"
            />
          </g>
        </mask>
      </defs>
      <g
        className="grommetux-status-icon__base"
        mask="url(#mask-critical-0)"
      >
        <path
          d="M12,0 L24,12 L12,24 L0,12 Z"
          stroke="none"
        />
      </g>
    </svg>
     
    <span>
      There was a critical error!
    </span>
  </h3>
</div>
`;
