// Jest Snapshot v1, https://goo.gl/fbAQLP

exports[`NotFound should render the correct title and message 1`] = `
<div>
  <h1>
    Page not found
  </h1>
  <p>
    We are sorry but the page you are looking for does not exist.
  </p>
</div>
`;
